Archive member included because of file (symbol)

../../lib/libbtsystem.a(btcan_peakesd.o)
                              main.o (initCAN)
../../lib/libbtsystem.a(btos.o)
                              main.o (test_and_log)
../../lib/libbtsystem.a(btserial.o)
                              main.o (serialOpen)
/usr/local/lib/libntcan.a(ntcan.o)
                              ../../lib/libbtsystem.a(btcan_peakesd.o) (canOpen)
/usr/lib/libc_nonshared.a(elf-init.oS)
                              /usr/lib/gcc/i486-slackware-linux/3.4.6/../../../crt1.o (__libc_csu_init)
/usr/lib/libc_nonshared.a(atexit.oS)
                              main.o (atexit)

Allocating common symbols
Common symbol       size              file

VOLTH2              0x4               main.o
JP2                 0x4               main.o
LFS                 0x4               main.o
TL1                 0x4               main.o
TSTOP               0x4               main.o
KD                  0x4               main.o
D                   0x4               main.o
VERS                0x4               main.o
IOFF2               0x4               main.o
AP2                 0x4               main.o
MDS                 0x4               main.o
DIG1                0x4               main.o
VL1                 0x4               main.o
X5                  0x4               main.o
LFLAGS              0x4               main.o
JOFST               0x4               main.o
args                0x8               main.o
LCTC                0x4               main.o
ROLE                0x4               main.o
p                   0x10              main.o
MD                  0x4               main.o
EN                  0x4               main.o
UNITS               0x4               main.o
IPNM                0x4               main.o
MOV                 0x4               main.o
_DS                 0x4               main.o
IFAULT              0x4               main.o
LOCK                0x4               main.o
TENSO               0x4               main.o
SAVE                0x4               main.o
watch               0xa0              main.o
CTS                 0x4               main.o
PROP_END            0x4               main.o
VBUS                0x4               main.o
MODE                0x4               main.o
GAIN3               0x4               main.o
KP                  0x4               main.o
X7                  0x4               main.o
disp_thd            0x78              main.o
DUMP                0x4               main.o
TENST               0x4               main.o
StartupThread       0x78              main.o
MT                  0x4               main.o
TENSION             0x4               main.o
FET1                0x4               main.o
VOLTL1              0x4               main.o
HOLD                0x4               main.o
ID                  0x4               main.o
OFFSET1             0x4               main.o
ADDR                0x4               main.o
TIE                 0x4               main.o
LOG1                0x4               main.o
BRAKE               0x4               main.o
mask                0xc               ../../lib/libbtsystem.a(btcan_peakesd.o)
X2                  0x4               main.o
JOFST2              0x4               main.o
LOG4                0x4               main.o
P2                  0x4               main.o
VOLTL2              0x4               main.o
BAUD                0x4               main.o
IKP                 0x4               main.o
ISQ                 0x4               main.o
OFFSET3             0x4               main.o
IMOTOR              0x4               main.o
DEF                 0x4               main.o
E2                  0x4               main.o
POLES               0x4               main.o
PTEMP               0x4               main.o
CT2                 0x4               main.o
T                   0x4               main.o
JIDX                0x4               main.o
CTS2                0x4               main.o
OD                  0x4               main.o
RATIO               0x4               main.o
GAIN2               0x4               main.o
X4                  0x4               main.o
GAIN1               0x4               main.o
TORQ                0x4               main.o
TEMP                0x4               main.o
GRPC                0x4               main.o
LOAD                0x4               main.o
B                   0x4               main.o
LCV                 0x4               main.o
OT                  0x4               main.o
canDev              0x10              ../../lib/libbtsystem.a(btcan_peakesd.o)
EN2                 0x4               main.o
MECH2               0x4               main.o
VALUE               0x4               main.o
THERM               0x4               main.o
V                   0x4               main.o
backtracesize       0x4               ../../lib/libbtsystem.a(btos.o)
GRPA                0x4               main.o
MOFST               0x4               main.o
[...]
Memory Configuration

Name             Origin             Length             Attributes
*default*        0x0000000000000000 0xffffffffffffffff

Linker script and memory map

LOAD /usr/lib/gcc/i486-slackware-linux/3.4.6/../../../crt1.o
LOAD /usr/lib/gcc/i486-slackware-linux/3.4.6/../../../crti.o
LOAD /usr/lib/gcc/i486-slackware-linux/3.4.6/crtbegin.o
LOAD main.o
LOAD /usr/lib/libpthread.so
START GROUP
LOAD /lib/libpthread.so.0
LOAD /usr/lib/libpthread_nonshared.a
END GROUP
LOAD /usr/lib/libncurses.so
LOAD /usr/lib/libm.so
LOAD ../../lib/libbtwam.a
LOAD ../../lib/libbtsystem.a
LOAD /usr/local/lib/libntcan.a
LOAD /usr/realtime/lib/liblxrt.so
LOAD /usr/lib/gcc/i486-slackware-linux/3.4.6/libgcc.a
LOAD /usr/lib/libgcc_s.so
LOAD /usr/lib/libc.so
START GROUP
LOAD /lib/libc.so.6
LOAD /usr/lib/libc_nonshared.a
END GROUP
LOAD /usr/lib/gcc/i486-slackware-linux/3.4.6/libgcc.a
LOAD /usr/lib/libgcc_s.so
LOAD /usr/lib/gcc/i486-slackware-linux/3.4.6/crtend.o
LOAD /usr/lib/gcc/i486-slackware-linux/3.4.6/../../../crtn.o
                0x0000000008048000                PROVIDE (__executable_start, 0x8048000)
                0x0000000008048114                . = (0x8048000 + SIZEOF_HEADERS)

.interp         0x0000000008048114       0x13
 *(.interp)
 .interp        0x0000000008048114       0x13 /usr/lib/gcc/i486-slackware-linux/3.4.6/../../../crt1.o

.note.ABI-tag   0x0000000008048128       0x20
 .note.ABI-tag  0x0000000008048128       0x20 /usr/lib/gcc/i486-slackware-linux/3.4.6/../../../crt1.o

.hash           0x0000000008048148      0x310
 *(.hash)
 .hash          0x0000000008048148      0x310 /usr/lib/gcc/i486-slackware-linux/3.4.6/../../../crt1.o

.dynsym         0x0000000008048458      0x610
 *(.dynsym)
 .dynsym        0x0000000008048458      0x610 /usr/lib/gcc/i486-slackware-linux/3.4.6/../../../crt1.o

.dynstr         0x0000000008048a68      0x416
 *(.dynstr)
 .dynstr        0x0000000008048a68      0x416 /usr/lib/gcc/i486-slackware-linux/3.4.6/../../../crt1.o

.gnu.version    0x0000000008048e7e       0xc2
 *(.gnu.version)
 .gnu.version   0x0000000008048e7e       0xc2 /usr/lib/gcc/i486-slackware-linux/3.4.6/../../../crt1.o

.gnu.version_d
 *(.gnu.version_d)

.gnu.version_r  0x0000000008048f40       0x90
 *(.gnu.version_r)
 .gnu.version_r
                0x0000000008048f40       0x90 /usr/lib/gcc/i486-slackware-linux/3.4.6/../../../crt1.o

.rel.dyn        0x0000000008048fd0       0x18
 *(.rel.init)
 *(.rel.text .rel.text.* .rel.gnu.linkonce.t.*)
 *(.rel.fini)
 *(.rel.rodata .rel.rodata.* .rel.gnu.linkonce.r.*)
 *(.rel.data.rel.ro*)
 *(.rel.data .rel.data.* .rel.gnu.linkonce.d.*)
 *(.rel.tdata .rel.tdata.* .rel.gnu.linkonce.td.*)
 *(.rel.tbss .rel.tbss.* .rel.gnu.linkonce.tb.*)
 *(.rel.ctors)
 *(.rel.dtors)
 *(.rel.got)
 .rel.got       0x0000000008048fd0        0x8 /usr/lib/gcc/i486-slackware-linux/3.4.6/../../../crt1.o
 *(.rel.bss .rel.bss.* .rel.gnu.linkonce.b.*)
 .rel.bss       0x0000000008048fd8       0x10 /usr/lib/gcc/i486-slackware-linux/3.4.6/../../../crt1.o

.rela.dyn
 *(.rela.init)
 *(.rela.text .rela.text.* .rela.gnu.linkonce.t.*)
 *(.rela.fini)
 *(.rela.rodata .rela.rodata.* .rela.gnu.linkonce.r.*)
 *(.rela.data .rela.data.* .rela.gnu.linkonce.d.*)
 *(.rela.tdata .rela.tdata.* .rela.gnu.linkonce.td.*)
 *(.rela.tbss .rela.tbss.* .rela.gnu.linkonce.tb.*)
 *(.rela.ctors)
 *(.rela.dtors)
 *(.rela.got)
 *(.rela.bss .rela.bss.* .rela.gnu.linkonce.b.*)

.rel.plt        0x0000000008048fe8      0x2a0
 *(.rel.plt)
 .rel.plt       0x0000000008048fe8      0x2a0 /usr/lib/gcc/i486-slackware-linux/3.4.6/../../../crt1.o

.rela.plt
 *(.rela.plt)

.init           0x0000000008049290       0x17
 *(.init)
 .init          0x0000000008049290        0xb /usr/lib/gcc/i486-slackware-linux/3.4.6/../../../crti.o
                0x0000000008049290                _init
 .init          0x000000000804929b        0x5 /usr/lib/gcc/i486-slackware-linux/3.4.6/crtbegin.o
 .init          0x00000000080492a0        0x5 /usr/lib/gcc/i486-slackware-linux/3.4.6/crtend.o
 .init          0x00000000080492a5        0x2 /usr/lib/gcc/i486-slackware-linux/3.4.6/../../../crtn.o

.plt            0x00000000080492a8      0x550
 *(.plt)
 .plt           0x00000000080492a8      0x550 /usr/lib/gcc/i486-slackware-linux/3.4.6/../../../crt1.o
                0x00000000080492b8                getchar@@GLIBC_2.0
                0x00000000080492c8                pthread_attr_init@@GLIBC_2.1
                0x00000000080492d8                atol@@GLIBC_2.0
                0x00000000080492e8                usleep@@GLIBC_2.0
                0x00000000080492f8                pthread_attr_setschedparam@@GLIBC_2.0
                0x0000000008049308                sigaction@@GLIBC_2.0
                0x0000000008049318                rt_make_soft_real_time
                0x0000000008049328                feof@@GLIBC_2.0
                0x0000000008049338                pthread_mutexattr_settype@@GLIBC_2.1
                0x0000000008049348                write@@GLIBC_2.0
                0x0000000008049358                localtime@@GLIBC_2.0
                0x0000000008049368                strcmp@@GLIBC_2.0
                0x0000000008049378                close@@GLIBC_2.0
                0x0000000008049388                perror@@GLIBC_2.0
                0x0000000008049398                fprintf@@GLIBC_2.0
                0x00000000080493a8                endwin
                0x00000000080493b8                signal@@GLIBC_2.0
                0x00000000080493c8                fflush@@GLIBC_2.0
                0x00000000080493d8                pthread_create@@GLIBC_2.1
                0x00000000080493e8                cfsetospeed@@GLIBC_2.0
                0x00000000080493f8                select@@GLIBC_2.0
                0x0000000008049408                copysign@@GLIBC_2.0
                0x0000000008049418                tcsetattr@@GLIBC_2.0
                0x0000000008049428                __cxa_atexit@@GLIBC_2.1.3
                0x0000000008049438                __errno_location@@GLIBC_2.0
                0x0000000008049448                echo
                0x0000000008049458                difftime@@GLIBC_2.0
                0x0000000008049468                malloc@@GLIBC_2.0
                0x0000000008049478                pthread_mutex_init@@GLIBC_2.0
                0x0000000008049488                fscanf@@GLIBC_2.0
                0x0000000008049498                strftime@@GLIBC_2.0
                0x00000000080494a8                scanf@@GLIBC_2.0
                0x00000000080494b8                syscall@@GLIBC_2.0
                0x00000000080494c8                pthread_attr_setschedpolicy@@GLIBC_2.0
                0x00000000080494d8                syslog@@GLIBC_2.0
                0x00000000080494e8                wrefresh
                0x00000000080494f8                cbreak
                0x0000000008049508                waddnstr
                0x0000000008049518                pthread_attr_getschedparam@@GLIBC_2.0
                0x0000000008049528                time@@GLIBC_2.0
                0x0000000008049538                pthread_mutexattr_init@@GLIBC_2.0
                0x0000000008049548                pthread_mutex_lock@@GLIBC_2.0
                0x0000000008049558                fgets@@GLIBC_2.0
                0x0000000008049568                strlen@@GLIBC_2.0
                0x0000000008049578                rt_get_cpu_time_ns
                0x0000000008049588                noecho
                0x0000000008049598                strtol@@GLIBC_2.0
                0x00000000080495a8                openlog@@GLIBC_2.0
                0x00000000080495b8                rt_make_hard_real_time
                0x00000000080495c8                initscr
                0x00000000080495d8                __libc_start_main@@GLIBC_2.0
                0x00000000080495e8                wmove
                0x00000000080495f8                toupper@@GLIBC_2.0
                0x0000000008049608                strcat@@GLIBC_2.0
                0x0000000008049618                printf@@GLIBC_2.0
                0x0000000008049628                fcntl@@GLIBC_2.0
                0x0000000008049638                sqrt@@GLIBC_2.0
                0x0000000008049648                mvprintw
                0x0000000008049658                fclose@@GLIBC_2.1
                0x0000000008049668                wgetch
                0x0000000008049678                open@@GLIBC_2.0
                0x0000000008049688                mlockall@@GLIBC_2.0
                0x0000000008049698                sigemptyset@@GLIBC_2.0
                0x00000000080496a8                pthread_join@@GLIBC_2.0
                0x00000000080496b8                tcflush@@GLIBC_2.0
                0x00000000080496c8                pthread_exit@@GLIBC_2.0
                0x00000000080496d8                exit@@GLIBC_2.0
                0x00000000080496e8                scanw
                0x00000000080496f8                calloc@@GLIBC_2.0
                0x0000000008049708                cfsetispeed@@GLIBC_2.0
                0x0000000008049718                free@@GLIBC_2.0
                0x0000000008049728                ioctl@@GLIBC_2.0
                0x0000000008049738                wclear
                0x0000000008049748                memset@@GLIBC_2.0
                0x0000000008049758                strtod@@GLIBC_2.0
                0x0000000008049768                strncpy@@GLIBC_2.0
                0x0000000008049778                fopen@@GLIBC_2.1
                0x0000000008049788                pthread_mutex_unlock@@GLIBC_2.0
                0x0000000008049798                sprintf@@GLIBC_2.0
                0x00000000080497a8                wtimeout
                0x00000000080497b8                tcgetattr@@GLIBC_2.0
                0x00000000080497c8                read@@GLIBC_2.0
                0x00000000080497d8                strcpy@@GLIBC_2.0
                0x00000000080497e8                rt_task_wait_period

.text           0x0000000008049800     0xb2d0
 *(.text .stub .text.* .gnu.linkonce.t.*)
 .text          0x0000000008049800       0x24 /usr/lib/gcc/i486-slackware-linux/3.4.6/../../../crt1.o
                0x0000000008049800                _start
 *fill*         0x0000000008049824        0xc 90909090
 .text          0x0000000008049830       0x22 /usr/lib/gcc/i486-slackware-linux/3.4.6/../../../crti.o
 .gnu.linkonce.t.__i686.get_pc_thunk.bx
                0x0000000008049852        0x4 /usr/lib/gcc/i486-slackware-linux/3.4.6/../../../crti.o
                0x0000000008049852                __i686.get_pc_thunk.bx
 *fill*         0x0000000008049856        0xa 90909090
 .text          0x0000000008049860       0x72 /usr/lib/gcc/i486-slackware-linux/3.4.6/crtbegin.o
 *fill*         0x00000000080498d2        0x2 90909090
 .text          0x00000000080498d4     0x5ffb main.o
                0x000000000804cc95                DisplayThread
                0x000000000804f7fd                Write
                0x000000000804f7cd                Read
                0x000000000804d5a7                paramDefaults
                0x000000000804a46b                mountCable
                0x000000000804c8f5                findOffset
                0x0000000008049a99                saveToFile
                0x000000000804af90                cableTester
                0x000000000804f725                ReadSerial
                0x000000000804c333                kbhit
                0x000000000804c61e                firmwarePuck
                0x000000000804c958                ProcessWatch
                0x0000000008049a1e                setPropertySlow
                0x000000000804c3db                enumeratePucks
                0x000000000804ddc0                setMofst
                0x000000000804dc5a                changeID
                0x000000000804c845                setDefaults
                0x000000000804d23b                firmwareDL
                0x000000000804a315                dp_to_torq
                0x000000000804cb9b                Cleanup
                0x000000000804cf29                ProcessInput
                0x000000000804c750                watchProperty
                0x0000000008049a50                wakePucks
                0x000000000804d1c5                mygetch
                0x0000000008049ced                newExp
                0x000000000804c91d                init_ncurses
                0x000000000804e832                handleMenu
                0x000000000804cd6f                finish_entry
                0x000000000804cbb5                main
                0x000000000804cd18                start_entry
                0x000000000804d51b                checkTemp
                0x000000000804c69f                terminalMode
                0x0000000008049ef2                loadFile
                0x000000000804e206                getParams
                0x000000000804c9ea                Startup
                0x000000000804f830                EchoWrite
                0x000000000804f7ac                WriteSerial
                0x000000000804c5ce                activePuck
                0x000000000804d18c                clearScreen
                0x000000000804a2ac                isCableMounted
                0x000000000804cde1                RenderMAIN_SCREEN
                0x000000000804c90e                exitProgram
 *fill*         0x000000000804f8cf        0x1 90909090
 .text          0x000000000804f8d0     0x2310 ../../lib/libbtsystem.a(btcan_peakesd.o)
                0x000000000804fdc5                wakePuck
                0x000000000804fd75                canClearMsg
                0x000000000805028b                getBusStatus
                0x000000000804fa1a                allowMessage
                0x000000000804fbd8                canReadMsg
                0x00000000080500c4                setProperty
                0x0000000008050463                parseMessage
                0x000000000804fbbb                freeCAN
                0x000000000804fdf9                setTorques
                0x000000000805018c                getProperty
                0x000000000804fa5e                initCAN
                0x00000000080507ae                initPropertyDefs
                0x000000000804ff8e                getPositions
                0x000000000804fcb9                canSendMsg
                0x0000000008050730                compile
 .text          0x0000000008051be0      0x72b ../../lib/libbtsystem.a(btos.o)
                0x0000000008051f5f                new_btthread
                0x00000000080522d4                btrt_mutex_unlock
                0x0000000008051dbd                btmutex_lock
                0x0000000008051d2a                syslog_backtrace
                0x00000000080521f6                btrt_task_wait_period
                0x0000000008051e61                btptr_chk
                0x0000000008052189                btrt_thread_create
                0x000000000805229d                btrt_mutex_lock
                0x0000000008051f92                free_btthread
                0x0000000008052149                btthread_exit
                0x0000000008051ec8                test_and_log
                0x0000000008051f7a                new_btrt_thread
                0x00000000080521d0                btrt_set_mode_hard
                0x00000000080521dd                btrt_get_time
                0x0000000008052159                btrt_thread_stop
                0x0000000008051e2b                btptr_ok
                0x0000000008051d6c                btmutex_init
                0x0000000008052091                btthread_done
                0x0000000008051df4                btmutex_unlock
                0x000000000805221d                btrt_mutex_create
                0x0000000008052101                btthread_stop
                0x000000000805224c                btrt_mutex_init
                0x00000000080521c3                btrt_set_mode_soft
                0x0000000008051efd                btmalloc
                0x0000000008051f3e                btfree
                0x0000000008052203                btrt_thread_join
                0x0000000008052179                btrt_thread_exit
                0x0000000008051e82                idx_bounds_ok
                0x00000000080520c9                btrt_thread_done
                0x0000000008051fa8                btthread_create
 *fill*         0x000000000805230b        0x1 90909090
 .text          0x000000000805230c      0x50f ../../lib/libbtsystem.a(btserial.o)
                0x0000000008052431                serialClose
                0x0000000008052465                serialRead
                0x0000000008052579                serialWriteString
                0x00000000080525a1                serialLook
                0x00000000080525cc                serialSetBaud
                0x000000000805230c                serialOpen
                0x00000000080524c0                serialReadLine
                0x0000000008052540                serialWrite
                0x000000000805280c                signal_handler_IO
 *fill*         0x000000000805281b        0x5 90909090
 .text          0x0000000008052820     0x2189 /usr/local/lib/libntcan.a(ntcan.o)
                0x00000000080546e0                _canIdAdd
                0x00000000080540a0                canTake
                0x0000000008053d80                canGetBaudrate
                0x0000000008054890                _canReadEvent
                0x0000000008054460                canTakeT
                0x0000000008054650                _canGetBaudrate
                0x0000000008054710                _canIdDelete
                0x0000000008054030                canGetOverlappedResult
                0x00000000080548c0                _canSendEvent
                0x00000000080547a0                _canRead
                0x00000000080541f0                canSendT
                0x00000000080544d0                canReadT
                0x0000000008053b90                canOpen
                0x00000000080545b0                canIoctl
                0x0000000008054540                canStatus
                0x0000000008054000                canIdDelete
                0x00000000080548f0                _canStatus
                0x0000000008054950                _canIdRangeDelete
                0x0000000008054620                _canSetBaudrate
                0x0000000008053d10                canSetBaudrate
                0x0000000008054920                _canIdRangeAdd
                0x0000000008053df0                canClose
                0x00000000080547d0                _canSend
                0x00000000080543c0                canReadEvent
                0x00000000080546c0                _canClose
                0x0000000008053ed0                canIdRangeAdd
                0x0000000008054980                _canIoctl
                0x0000000008053f40                canIdAdd
                0x0000000008054740                _canGetOverlappedResult
                0x0000000008053f70                canIdRangeDelete
                0x0000000008054680                _canOpen
                0x00000000080542d0                canWriteT
                0x0000000008054340                canSendEvent
                0x0000000008052820                canOpenInternalLxCandev
                0x0000000008054110                canRead
                0x0000000008054770                _canTake
                0x0000000008052990                canOpenInternalLxEsdcan
                0x0000000008054260                canWrite
                0x0000000008054180                canSend
                0x0000000008054860                _canWriteT
                0x0000000008054800                _canSendT
                0x0000000008054830                _canWrite
 *fill*         0x00000000080549a9        0x7 90909090
 .text          0x00000000080549b0       0xab /usr/lib/libc_nonshared.a(elf-init.oS)
                0x0000000008054a10                __libc_csu_fini
                0x00000000080549b0                __libc_csu_init
 *fill*         0x0000000008054a5b        0x5 90909090
 .text          0x0000000008054a60       0x3b /usr/lib/libc_nonshared.a(atexit.oS)
                0x0000000008054a60                atexit
 *fill*         0x0000000008054a9b        0x5 90909090
 .text          0x0000000008054aa0       0x30 /usr/lib/gcc/i486-slackware-linux/3.4.6/crtend.o
 *(.text.*personality*)
 *(.gnu.warning)

.fini           0x0000000008054ad0       0x1b
 *(.fini)
 .fini          0x0000000008054ad0       0x12 /usr/lib/gcc/i486-slackware-linux/3.4.6/../../../crti.o
                0x0000000008054ad0                _fini
 .fini          0x0000000008054ae2        0x5 /usr/lib/gcc/i486-slackware-linux/3.4.6/crtbegin.o
 .fini          0x0000000008054ae7        0x4 /usr/lib/gcc/i486-slackware-linux/3.4.6/../../../crtn.o
                0x0000000008054aeb                PROVIDE (__etext, .)
                0x0000000008054aeb                PROVIDE (_etext, .)
                0x0000000008054aeb                PROVIDE (etext, .)

.rodata         0x0000000008054b00     0x1ee2
 *(.rodata .rodata.* .gnu.linkonce.r.*)
 .rodata        0x0000000008054b00        0x8 /usr/lib/gcc/i486-slackware-linux/3.4.6/../../../crt1.o
                0x0000000008054b00                _fp_hw
                0x0000000008054b04                _IO_stdin_used
 .rodata        0x0000000008054b08     0x197d main.o
 *fill*         0x0000000008056485       0x1b 00
 .rodata        0x00000000080564a0      0x3fd ../../lib/libbtsystem.a(btcan_peakesd.o)
                0x00000000080564a0                dataType
 *fill*         0x000000000805689d        0x3 00
 .rodata        0x00000000080568a0      0x137 ../../lib/libbtsystem.a(btos.o)
 .rodata.str1.1
                0x00000000080569d7        0xb /usr/local/lib/libntcan.a(ntcan.o)

.rodata1
 *(.rodata1)

.eh_frame_hdr
 *(.eh_frame_hdr)

.eh_frame       0x00000000080569e4        0x4
 *(.eh_frame)
 .eh_frame      0x00000000080569e4        0x4 /usr/lib/gcc/i486-slackware-linux/3.4.6/crtend.o

.gcc_except_table
 *(.gcc_except_table)
 *(.gcc_except_table.*)
                0x00000000080569e8                . = (ALIGN (0x1000) - ((0x1000 - .) & 0xfff))
                0x00000000080579e8                . = (0x1000 DATA_SEGMENT_ALIGN 0x1000)

.eh_frame
 *(.eh_frame)

.gcc_except_table
 *(.gcc_except_table)
 *(.gcc_except_table.*)

.tdata
 *(.tdata .tdata.* .gnu.linkonce.td.*)

.tbss
 *(.tbss .tbss.* .gnu.linkonce.tb.*)
 *(.tcommon)
                0x00000000080579e8                . = ALIGN (0x4)
                0x00000000080579e8                PROVIDE (__preinit_array_start, .)

.preinit_array
 *(.preinit_array)
                0x00000000080579e8                PROVIDE (__preinit_array_end, .)
                0x00000000080579e8                PROVIDE (__init_array_start, .)

.init_array
 *(.init_array)
                0x00000000080579e8                PROVIDE (__init_array_end, .)
                0x00000000080579e8                PROVIDE (__fini_array_start, .)

.fini_array
 *(.fini_array)
                0x00000000080579e8                PROVIDE (__fini_array_end, .)

.ctors          0x00000000080579e8        0x8
 *crtbegin*.o(.ctors)
 *(EXCLUDE_FILE(*crtend*.o) .ctors)
 .ctors         0x00000000080579e8        0x4 /usr/lib/gcc/i486-slackware-linux/3.4.6/crtbegin.o
 *(SORT(.ctors.*))
 *(.ctors)
 .ctors         0x00000000080579ec        0x4 /usr/lib/gcc/i486-slackware-linux/3.4.6/crtend.o

.dtors          0x00000000080579f0        0x8
 *crtbegin*.o(.dtors)
 *(EXCLUDE_FILE(*crtend*.o) .dtors)
 .dtors         0x00000000080579f0        0x4 /usr/lib/gcc/i486-slackware-linux/3.4.6/crtbegin.o
 *(SORT(.dtors.*))
 *(.dtors)
 .dtors         0x00000000080579f4        0x4 /usr/lib/gcc/i486-slackware-linux/3.4.6/crtend.o

.jcr            0x00000000080579f8        0x4
 *(.jcr)
 .jcr           0x00000000080579f8        0x4 /usr/lib/gcc/i486-slackware-linux/3.4.6/crtend.o

.data.rel.ro    0x0000000008057a00       0x70
 *(.data.rel.ro.local)
 .data.rel.ro.local
                0x0000000008057a00       0x70 /usr/local/lib/libntcan.a(ntcan.o)
 *(.data.rel.ro*)

.dynamic        0x0000000008057a70       0xe8
 *(.dynamic)
 .dynamic       0x0000000008057a70       0xe8 /usr/lib/gcc/i486-slackware-linux/3.4.6/../../../crt1.o
                0x0000000008057a70                _DYNAMIC

.got            0x0000000008057b58        0x8
 *(.got)
 .got           0x0000000008057b58        0x8 /usr/lib/gcc/i486-slackware-linux/3.4.6/../../../crt1.o

.got.plt        0x0000000008057b60      0x15c
                0x0000000008057b60                . = DATA_SEGMENT_RELRO_END ((. + 0xc))
 *(.got.plt)
 .got.plt       0x0000000008057b60      0x15c /usr/lib/gcc/i486-slackware-linux/3.4.6/../../../crt1.o
                0x0000000008057b60                _GLOBAL_OFFSET_TABLE_

.data           0x0000000008057cc0      0x664
 *(.data .data.* .gnu.linkonce.d.*)
 .data          0x0000000008057cc0        0x4 /usr/lib/gcc/i486-slackware-linux/3.4.6/../../../crt1.o
                0x0000000008057cc0                data_start
                0x0000000008057cc0                __data_start
 .data          0x0000000008057cc4        0x8 /usr/lib/gcc/i486-slackware-linux/3.4.6/crtbegin.o
                0x0000000008057cc4                __dso_handle
 *fill*         0x0000000008057ccc       0x14 00
 .data          0x0000000008057ce0      0x644 main.o
                0x00000000080580a8                ext
                0x0000000008058068                tens_torq
                0x0000000008058030                idB
                0x0000000008057ee0                wraptorDefs
                0x0000000008057d00                taterDefs
                0x0000000008057ce0                statusTxt
                0x0000000008058020                watchY
                0x0000000008058088                dataFolder
                0x0000000008058038                g
                0x0000000008058074                kiA
                0x0000000008057dc0                bh8Defs
                0x0000000008058034                encoder
                0x0000000008058048                timestep
                0x000000000805800c                arrow
                0x0000000008058024                jVel
                0x0000000008058050                torqueCap
                0x0000000008058070                kdA
                0x0000000008058014                enumX
                0x0000000008058060                maxPTurns
                0x0000000008058008                id
                0x000000000805802c                idA
                0x00000000080580c0                fcn
                0x00000000080580b9                mount_clockwise
                0x000000000805804c                maxErr
                0x000000000805801c                watchX
                0x00000000080580b8                pulley_left_of_pinion
                0x000000000805806c                kpA
                0x0000000008058018                enumY
                0x0000000008058044                MAminT
                0x00000000080580b0                startupTravs
                0x000000000805803c                d
                0x0000000008058054                runRest
                0x0000000008058040                gt
                0x000000000805805c                maxAcc
                0x0000000008058028                jAcc
                0x0000000008058058                maxVel
                0x0000000008058010                termY
                0x0000000008058098                temperatureFolder
                0x00000000080580b4                kp
                0x0000000008058078                expFolder
                0x0000000008058064                minPTurns
                0x0000000008057da0                wamDefaultMT
                0x0000000008057fc0                safetyDefs
 *(.gnu.linkonce.d.*personality*)

.data1
 *(.data1)
                0x0000000008058324                _edata = .
                0x0000000008058324                PROVIDE (edata, .)
                0x0000000008058324                __bss_start = .

.bss            0x0000000008058340      0xacc
 *(.dynbss)
 .dynbss        0x0000000008058340        0x8 /usr/lib/gcc/i486-slackware-linux/3.4.6/../../../crt1.o
                0x0000000008058340                stdout@@GLIBC_2.0
                0x0000000008058344                stdscr
 *(.bss .bss.* .gnu.linkonce.b.*)
 .bss           0x0000000008058348        0x1 /usr/lib/gcc/i486-slackware-linux/3.4.6/crtbegin.o
 *fill*         0x0000000008058349        0x3 00
 .bss           0x000000000805834c       0x1c main.o
                0x0000000008058360                startDone
                0x000000000805834c                screen
                0x0000000008058350                done
                0x0000000008058354                termX
                0x000000000805835c                canport
                0x0000000008058358                curses
                0x0000000008058364                torqueMin
 .bss           0x0000000008058368        0x4 ../../lib/libbtsystem.a(btserial.o)
                0x0000000008058368                got_sigio
 *fill*         0x000000000805836c       0x14 00
 .bss           0x0000000008058380      0x400 /usr/local/lib/libntcan.a(ntcan.o)
 *(COMMON)
 COMMON         0x0000000008058780      0x464 main.o
                0x0000000008058780                VOLTH2
                0x0000000008058784                JP2
                0x0000000008058788                LFS
                0x000000000805878c                TL1
                0x0000000008058790                TSTOP
                0x0000000008058794                KD
                0x0000000008058798                D
                0x000000000805879c                VERS
                0x00000000080587a0                IOFF2
                0x00000000080587a4                AP2
                0x00000000080587a8                MDS
                0x00000000080587ac                DIG1
                0x00000000080587b0                VL1
                0x00000000080587b4                X5
                0x00000000080587b8                LFLAGS
                0x00000000080587bc                JOFST
                0x00000000080587c0                args
                0x00000000080587c8                LCTC
                0x00000000080587cc                ROLE
                0x00000000080587d0                p
                0x00000000080587e0                MD
                0x00000000080587e4                EN
                0x00000000080587e8                UNITS
                0x00000000080587ec                IPNM
                0x00000000080587f0                MOV
                0x00000000080587f4                _DS
                0x00000000080587f8                IFAULT
                0x00000000080587fc                LOCK
                0x0000000008058800                TENSO
                0x0000000008058804                SAVE
                0x0000000008058820                watch
                0x00000000080588c0                CTS
                0x00000000080588c4                PROP_END
                0x00000000080588c8                VBUS
                0x00000000080588cc                MODE
                0x00000000080588d0                GAIN3
                0x00000000080588d4                KP
                0x00000000080588d8                X7
                0x00000000080588e0                disp_thd
                0x0000000008058958                DUMP
                0x000000000805895c                TENST
                0x0000000008058960                StartupThread
                0x00000000080589d8                MT
                0x00000000080589dc                TENSION
                0x00000000080589e0                FET1
                0x00000000080589e4                VOLTL1
                0x00000000080589e8                HOLD
                0x00000000080589ec                ID
                0x00000000080589f0                OFFSET1
                0x00000000080589f4                ADDR
                0x00000000080589f8                TIE
                0x00000000080589fc                LOG1
                0x0000000008058a00                BRAKE
                0x0000000008058a04                X2
                0x0000000008058a08                JOFST2
                0x0000000008058a0c                LOG4
                0x0000000008058a10                P2
                0x0000000008058a14                VOLTL2
                0x0000000008058a18                BAUD
                0x0000000008058a1c                IKP
                0x0000000008058a20                ISQ
                0x0000000008058a24                OFFSET3
                0x0000000008058a28                IMOTOR
                0x0000000008058a2c                DEF
                0x0000000008058a30                E2
                0x0000000008058a34                POLES
                0x0000000008058a38                PTEMP
                0x0000000008058a3c                CT2
                0x0000000008058a40                T
                0x0000000008058a44                JIDX
                0x0000000008058a48                CTS2
                0x0000000008058a4c                OD
                0x0000000008058a50                RATIO
                0x0000000008058a54                GAIN2
                0x0000000008058a58                X4
                0x0000000008058a5c                GAIN1
                0x0000000008058a60                TORQ
                0x0000000008058a64                TEMP
                0x0000000008058a68                GRPC
                0x0000000008058a6c                LOAD
                0x0000000008058a70                B
                0x0000000008058a74                LCV
                0x0000000008058a78                OT
                0x0000000008058a7c                EN2
                0x0000000008058a80                MECH2
                0x0000000008058a84                VALUE
                0x0000000008058a88                THERM
                0x0000000008058a8c                V
                0x0000000008058a90                GRPA
                0x0000000008058a94                MOFST
                0x0000000008058a98                HALLH2
                0x0000000008058a9c                VL2
                0x0000000008058aa0                MCV
                0x0000000008058aa4                IOFST
                0x0000000008058aa8                FIND
                0x0000000008058aac                HALLH
                0x0000000008058ab0                ANA0
                0x0000000008058ab4                MECH
                0x0000000008058ab8                LOG
                0x0000000008058abc                X1
                0x0000000008058ac0                LSG
                0x0000000008058ac4                STAT
                0x0000000008058ac8                ACCEL
                0x0000000008058acc                CMD
                0x0000000008058ad0                ILOGIC
                0x0000000008058ad4                LOG2
                0x0000000008058ad8                CT
                0x0000000008058adc                VOLTH1
                0x0000000008058ae0                LCVC
                0x0000000008058ae4                VALUE32
                0x0000000008058ae8                MAXPWR
                0x0000000008058aec                SAMPLE
                0x0000000008058af0                X3
                0x0000000008058af4                _LOCK
                0x0000000008058af8                SAFE
                0x0000000008058afc                DIG0
                0x0000000008058b00                P_OLD
                0x0000000008058b04                PIDX
                0x0000000008058b08                HALLS
                0x0000000008058b0c                SG
                0x0000000008058b10                TACTID
                0x0000000008058b14                ERROR
                0x0000000008058b18                GRPB
                0x0000000008058b1c                ANA1
                0x0000000008058b20                OTEMP
                0x0000000008058b24                IKCOR
                0x0000000008058b28                SN
                0x0000000008058b2c                IKI
                0x0000000008058b30                SAFETY_END
                0x0000000008058b34                X6
                0x0000000008058b38                DP2
                0x0000000008058b3c                E
                0x0000000008058b40                IVEL
                0x0000000008058b44                HSG
                0x0000000008058b48                entryLine
                0x0000000008058b4c                M
                0x0000000008058b50                LFDP
                0x0000000008058b54                FET0
                0x0000000008058b58                TACT
                0x0000000008058b5c                DP
                0x0000000008058b60                OT2
                0x0000000008058b64                COMMON_END
                0x0000000008058b68                ECMIN
                0x0000000008058b6c                ECMAX
                0x0000000008058b70                disp_mutex
                0x0000000008058b88                LFAP
                0x0000000008058b8c                PWR
                0x0000000008058b90                JP
                0x0000000008058b94                X0
                0x0000000008058b98                IOFF
                0x0000000008058b9c                LOG3
                0x0000000008058ba0                KI
                0x0000000008058ba4                M2
                0x0000000008058ba8                OFFSET2
                0x0000000008058bac                AP
                0x0000000008058bb0                MV
                0x0000000008058bb4                VNOM
                0x0000000008058bb8                mBgotTorq
                0x0000000008058bbc                PEN
                0x0000000008058bc0                UPSECS
                0x0000000008058bc4                TETAE
                0x0000000008058bc8                ZERO
                0x0000000008058bcc                MPE
                0x0000000008058bd0                LFV
                0x0000000008058bd4                VLOGIC
                0x0000000008058bd8                P
                0x0000000008058bdc                LFT
                0x0000000008058be0                TL2
 *fill*         0x0000000008058be4       0x1c 00
 COMMON         0x0000000008058c00      0x120 ../../lib/libbtsystem.a(btcan_peakesd.o)
                0x0000000008058c00                mask
                0x0000000008058c0c                canDev
                0x0000000008058c1c                can_accept
                0x0000000008058c40                commMutex
                0x0000000008058ca0                jointPosition
 COMMON         0x0000000008058d20       0xec ../../lib/libbtsystem.a(btos.o)
                0x0000000008058d20                backtracesize
                0x0000000008058d40                backtracearray
                0x0000000008058e08                backtracestrings
                0x0000000008058e0c                . = ALIGN (0x4)
                0x0000000008058e0c                . = ALIGN (0x4)
                0x0000000008058e0c                _end = .
                0x0000000008058e0c                PROVIDE (end, .)
                0x0000000008058e0c                . = DATA_SEGMENT_END (.)

.stab
 *(.stab)

.stabstr
 *(.stabstr)

.stab.excl
 *(.stab.excl)

.stab.exclstr
 *(.stab.exclstr)

.stab.index
 *(.stab.index)

.stab.indexstr
 *(.stab.indexstr)

.comment        0x0000000000000000       0xe5
 *(.comment)
 .comment       0x0000000000000000       0x12 /usr/lib/gcc/i486-slackware-linux/3.4.6/../../../crt1.o
 .comment       0x0000000000000012       0x12 /usr/lib/gcc/i486-slackware-linux/3.4.6/../../../crti.o
 .comment       0x0000000000000024       0x12 /usr/lib/gcc/i486-slackware-linux/3.4.6/crtbegin.o
 .comment       0x0000000000000036       0x12 main.o
 .comment       0x0000000000000048       0x12 ../../lib/libbtsystem.a(btcan_peakesd.o)
 .comment       0x000000000000005a       0x12 ../../lib/libbtsystem.a(btos.o)
 .comment       0x000000000000006c       0x12 ../../lib/libbtsystem.a(btserial.o)
 .comment       0x000000000000007e       0x1f /usr/local/lib/libntcan.a(ntcan.o)
 .comment       0x000000000000009d       0x12 /usr/lib/libc_nonshared.a(elf-init.oS)
 .comment       0x00000000000000af       0x12 /usr/lib/libc_nonshared.a(atexit.oS)
 .comment       0x00000000000000c1       0x12 /usr/lib/gcc/i486-slackware-linux/3.4.6/crtend.o
 .comment       0x00000000000000d3       0x12 /usr/lib/gcc/i486-slackware-linux/3.4.6/../../../crtn.o

.debug
 *(.debug)

.line
 *(.line)

.debug_srcinfo
 *(.debug_srcinfo)

.debug_sfnames
 *(.debug_sfnames)

.debug_aranges  0x0000000000000000      0x108
 *(.debug_aranges)
 .debug_aranges
                0x0000000000000000       0x20 /usr/lib/gcc/i486-slackware-linux/3.4.6/../../../crt1.o
 .debug_aranges
                0x0000000000000020       0x38 /usr/lib/gcc/i486-slackware-linux/3.4.6/../../../crti.o
 .debug_aranges
                0x0000000000000058       0x20 main.o
 .debug_aranges
                0x0000000000000078       0x20 ../../lib/libbtsystem.a(btcan_peakesd.o)
 .debug_aranges
                0x0000000000000098       0x20 ../../lib/libbtsystem.a(btos.o)
 .debug_aranges
                0x00000000000000b8       0x20 ../../lib/libbtsystem.a(btserial.o)
 .debug_aranges
                0x00000000000000d8       0x30 /usr/lib/gcc/i486-slackware-linux/3.4.6/../../../crtn.o

.debug_pubnames
                0x0000000000000000     0x150c
 *(.debug_pubnames)
 .debug_pubnames
                0x0000000000000000       0x25 /usr/lib/gcc/i486-slackware-linux/3.4.6/../../../crt1.o
 .debug_pubnames
                0x0000000000000025      0xaca main.o
 .debug_pubnames
                0x0000000000000aef      0x6d9 ../../lib/libbtsystem.a(btcan_peakesd.o)
 .debug_pubnames
                0x00000000000011c8      0x286 ../../lib/libbtsystem.a(btos.o)
 .debug_pubnames
                0x000000000000144e       0xbe ../../lib/libbtsystem.a(btserial.o)

.debug_info     0x0000000000000000     0x770b
 *(.debug_info .gnu.linkonce.wi.*)
 .debug_info    0x0000000000000000      0x116 /usr/lib/gcc/i486-slackware-linux/3.4.6/../../../crt1.o
 .debug_info    0x0000000000000116       0xb6 /usr/lib/gcc/i486-slackware-linux/3.4.6/../../../crti.o
 .debug_info    0x00000000000001cc     0x3ab1 main.o
 .debug_info    0x0000000000003c7d     0x1bdf ../../lib/libbtsystem.a(btcan_peakesd.o)
 .debug_info    0x000000000000585c     0x1178 ../../lib/libbtsystem.a(btos.o)
 .debug_info    0x00000000000069d4      0xc81 ../../lib/libbtsystem.a(btserial.o)
 .debug_info    0x0000000000007655       0xb6 /usr/lib/gcc/i486-slackware-linux/3.4.6/../../../crtn.o

.debug_abbrev   0x0000000000000000      0x92b
 *(.debug_abbrev)
 .debug_abbrev  0x0000000000000000       0x56 /usr/lib/gcc/i486-slackware-linux/3.4.6/../../../crt1.o
 .debug_abbrev  0x0000000000000056       0x10 /usr/lib/gcc/i486-slackware-linux/3.4.6/../../../crti.o
 .debug_abbrev  0x0000000000000066      0x2ff main.o
 .debug_abbrev  0x0000000000000365      0x1e6 ../../lib/libbtsystem.a(btcan_peakesd.o)
 .debug_abbrev  0x000000000000054b      0x257 ../../lib/libbtsystem.a(btos.o)
 .debug_abbrev  0x00000000000007a2      0x179 ../../lib/libbtsystem.a(btserial.o)
 .debug_abbrev  0x000000000000091b       0x10 /usr/lib/gcc/i486-slackware-linux/3.4.6/../../../crtn.o

.debug_line     0x0000000000000000     0x139b
 *(.debug_line)
 .debug_line    0x0000000000000000       0x96 /usr/lib/gcc/i486-slackware-linux/3.4.6/../../../crt1.o
 .debug_line    0x0000000000000096       0xc5 /usr/lib/gcc/i486-slackware-linux/3.4.6/../../../crti.o
 .debug_line    0x000000000000015b      0x9fe main.o
 .debug_line    0x0000000000000b59      0x41c ../../lib/libbtsystem.a(btcan_peakesd.o)
 .debug_line    0x0000000000000f75      0x243 ../../lib/libbtsystem.a(btos.o)
 .debug_line    0x00000000000011b8      0x13f ../../lib/libbtsystem.a(btserial.o)
 .debug_line    0x00000000000012f7       0xa4 /usr/lib/gcc/i486-slackware-linux/3.4.6/../../../crtn.o

.debug_frame    0x0000000000000000      0xf24
 *(.debug_frame)
 .debug_frame   0x0000000000000000      0x790 main.o
 .debug_frame   0x0000000000000790      0x290 ../../lib/libbtsystem.a(btcan_peakesd.o)
 .debug_frame   0x0000000000000a20      0x3f4 ../../lib/libbtsystem.a(btos.o)
 .debug_frame   0x0000000000000e14      0x110 ../../lib/libbtsystem.a(btserial.o)

.debug_str      0x0000000000000000      0x244
 *(.debug_str)
 .debug_str     0x0000000000000000       0xae /usr/lib/gcc/i486-slackware-linux/3.4.6/../../../crt1.o
                                         0xe7 (size before relaxing)
 .debug_str     0x00000000000000ae       0x9a main.o
 .debug_str     0x0000000000000148       0x47 ../../lib/libbtsystem.a(btcan_peakesd.o)
 .debug_str     0x000000000000018f       0x78 ../../lib/libbtsystem.a(btos.o)
 .debug_str     0x0000000000000207       0x3d ../../lib/libbtsystem.a(btserial.o)

.debug_loc
 *(.debug_loc)

.debug_macinfo
 *(.debug_macinfo)

.debug_weaknames
 *(.debug_weaknames)

.debug_funcnames
 *(.debug_funcnames)

.debug_typenames
 *(.debug_typenames)

.debug_varnames
 *(.debug_varnames)

/DISCARD/
 *(.note.GNU-stack)
OUTPUT(btutil elf32-i386)

Cross Reference Table

Symbol                                            File
ACCEL                                             ../../lib/libbtsystem.a(btcan_peakesd.o)
                                                  main.o
ADDR                                              ../../lib/libbtsystem.a(btcan_peakesd.o)
                                                  main.o
ANA0                                              ../../lib/libbtsystem.a(btcan_peakesd.o)
                                                  main.o
ANA1                                              ../../lib/libbtsystem.a(btcan_peakesd.o)
                                                  main.o
AP                                                ../../lib/libbtsystem.a(btcan_peakesd.o)
                                                  main.o
AP2                                               ../../lib/libbtsystem.a(btcan_peakesd.o)
                                                  main.o
B                                                 ../../lib/libbtsystem.a(btcan_peakesd.o)
                                                  main.o
BAUD                                              ../../lib/libbtsystem.a(btcan_peakesd.o)
                                                  main.o
BRAKE                                             ../../lib/libbtsystem.a(btcan_peakesd.o)
                                                  main.o
CMD                                               ../../lib/libbtsystem.a(btcan_peakesd.o)
                                                  main.o
COMMON_END                                        ../../lib/libbtsystem.a(btcan_peakesd.o)
                                                  main.o
CT                                                ../../lib/libbtsystem.a(btcan_peakesd.o)
                                                  main.o
CT2                                               ../../lib/libbtsystem.a(btcan_peakesd.o)
                                                  main.o
CTS                                               ../../lib/libbtsystem.a(btcan_peakesd.o)
                                                  main.o
CTS2                                              ../../lib/libbtsystem.a(btcan_peakesd.o)
                                                  main.o
Cleanup                                           main.o
D                                                 ../../lib/libbtsystem.a(btcan_peakesd.o)
                                                  main.o
DEF                                               ../../lib/libbtsystem.a(btcan_peakesd.o)
                                                  main.o
DIG0                                              ../../lib/libbtsystem.a(btcan_peakesd.o)
                                                  main.o
DIG1                                              ../../lib/libbtsystem.a(btcan_peakesd.o)
                                                  main.o
DP                                                ../../lib/libbtsystem.a(btcan_peakesd.o)
                                                  main.o
DP2                                               ../../lib/libbtsystem.a(btcan_peakesd.o)
                                                  main.o
DUMP                                              ../../lib/libbtsystem.a(btcan_peakesd.o)
                                                  main.o
DisplayThread                                     main.o
E                                                 ../../lib/libbtsystem.a(btcan_peakesd.o)
                                                  main.o
E2                                                ../../lib/libbtsystem.a(btcan_peakesd.o)
                                                  main.o
ECMAX                                             ../../lib/libbtsystem.a(btcan_peakesd.o)
                                                  main.o
ECMIN                                             ../../lib/libbtsystem.a(btcan_peakesd.o)
                                                  main.o
EN                                                ../../lib/libbtsystem.a(btcan_peakesd.o)
                                                  main.o
EN2                                               ../../lib/libbtsystem.a(btcan_peakesd.o)
                                                  main.o
ERROR                                             ../../lib/libbtsystem.a(btcan_peakesd.o)
                                                  main.o
EchoWrite                                         main.o
FET0                                              ../../lib/libbtsystem.a(btcan_peakesd.o)
                                                  main.o
FET1                                              ../../lib/libbtsystem.a(btcan_peakesd.o)
                                                  main.o
FIND                                              ../../lib/libbtsystem.a(btcan_peakesd.o)
                                                  main.o
GAIN1                                             ../../lib/libbtsystem.a(btcan_peakesd.o)
                                                  main.o
GAIN2                                             ../../lib/libbtsystem.a(btcan_peakesd.o)
                                                  main.o
GAIN3                                             ../../lib/libbtsystem.a(btcan_peakesd.o)
                                                  main.o
GCC_3.0                                           /usr/lib/libgcc_s.so
                                                  /usr/lib/libgcc_s.so
                                                  /lib/libc.so.6
GCC_3.3                                           /usr/lib/libgcc_s.so
                                                  /usr/lib/libgcc_s.so
GCC_3.3.1                                         /usr/lib/libgcc_s.so
                                                  /usr/lib/libgcc_s.so
GCC_3.4                                           /usr/lib/libgcc_s.so
                                                  /usr/lib/libgcc_s.so
GCC_3.4.2                                         /usr/lib/libgcc_s.so
                                                  /usr/lib/libgcc_s.so
GLIBC_2.0                                         /lib/libpthread.so.0
                                                  /lib/libdl.so.2
                                                  /lib/ld-linux.so.2
                                                  /usr/lib/libgcc_s.so
                                                  /lib/libc.so.6
                                                  /usr/lib/libgcc_s.so
                                                  /usr/lib/libm.so
GLIBC_2.1                                         /lib/libpthread.so.0
                                                  /lib/libdl.so.2
                                                  /lib/ld-linux.so.2
                                                  /lib/libc.so.6
                                                  /usr/lib/libm.so
GLIBC_2.1.1                                       /lib/libpthread.so.0
                                                  /lib/libc.so.6
GLIBC_2.1.2                                       /lib/libpthread.so.0
                                                  /lib/libc.so.6
GLIBC_2.1.3                                       /lib/libc.so.6
GLIBC_2.2                                         /lib/libpthread.so.0
                                                  /lib/libc.so.6
                                                  /usr/lib/libm.so
GLIBC_2.2.1                                       /lib/libc.so.6
GLIBC_2.2.2                                       /lib/libc.so.6
GLIBC_2.2.3                                       /lib/libpthread.so.0
                                                  /lib/libc.so.6
GLIBC_2.2.4                                       /lib/libc.so.6
GLIBC_2.2.6                                       /lib/libpthread.so.0
                                                  /lib/libc.so.6
GLIBC_2.3                                         /lib/libc.so.6
                                                  /lib/ld-linux.so.2
GLIBC_2.3.2                                       /lib/libpthread.so.0
                                                  /lib/libc.so.6
GLIBC_2.3.3                                       /lib/libc.so.6
                                                  /lib/libdl.so.2
GLIBC_2.3.4                                       /lib/libc.so.6
                                                  /lib/libdl.so.2
GLIBC_PRIVATE                                     /lib/libpthread.so.0
                                                  /lib/libdl.so.2
                                                  /lib/ld-linux.so.2
                                                  /lib/libc.so.6
GRPA                                              ../../lib/libbtsystem.a(btcan_peakesd.o)
                                                  main.o
GRPB                                              ../../lib/libbtsystem.a(btcan_peakesd.o)
                                                  main.o
GRPC                                              ../../lib/libbtsystem.a(btcan_peakesd.o)
                                                  main.o
HALLH                                             ../../lib/libbtsystem.a(btcan_peakesd.o)
                                                  main.o
HALLH2                                            ../../lib/libbtsystem.a(btcan_peakesd.o)
                                                  main.o
HALLS                                             ../../lib/libbtsystem.a(btcan_peakesd.o)
                                                  main.o
HOLD                                              ../../lib/libbtsystem.a(btcan_peakesd.o)
                                                  main.o
HSG                                               ../../lib/libbtsystem.a(btcan_peakesd.o)
                                                  main.o
ID                                                ../../lib/libbtsystem.a(btcan_peakesd.o)
                                                  main.o
IFAULT                                            ../../lib/libbtsystem.a(btcan_peakesd.o)
                                                  main.o
IKCOR                                             ../../lib/libbtsystem.a(btcan_peakesd.o)
                                                  main.o
IKI                                               ../../lib/libbtsystem.a(btcan_peakesd.o)
                                                  main.o
IKP                                               ../../lib/libbtsystem.a(btcan_peakesd.o)
                                                  main.o
ILOGIC                                            ../../lib/libbtsystem.a(btcan_peakesd.o)
                                                  main.o
IMOTOR                                            ../../lib/libbtsystem.a(btcan_peakesd.o)
                                                  main.o
IOFF                                              ../../lib/libbtsystem.a(btcan_peakesd.o)
                                                  main.o
IOFF2                                             ../../lib/libbtsystem.a(btcan_peakesd.o)
                                                  main.o
IOFST                                             ../../lib/libbtsystem.a(btcan_peakesd.o)
                                                  main.o
IPNM                                              ../../lib/libbtsystem.a(btcan_peakesd.o)
                                                  main.o
ISQ                                               ../../lib/libbtsystem.a(btcan_peakesd.o)
                                                  main.o
IVEL                                              ../../lib/libbtsystem.a(btcan_peakesd.o)
                                                  main.o
JIDX                                              ../../lib/libbtsystem.a(btcan_peakesd.o)
                                                  main.o
JOFST                                             ../../lib/libbtsystem.a(btcan_peakesd.o)
                                                  main.o
JOFST2                                            ../../lib/libbtsystem.a(btcan_peakesd.o)
                                                  main.o
JP                                                ../../lib/libbtsystem.a(btcan_peakesd.o)
                                                  main.o
JP2                                               ../../lib/libbtsystem.a(btcan_peakesd.o)
                                                  main.o
KD                                                ../../lib/libbtsystem.a(btcan_peakesd.o)
                                                  main.o
KI                                                ../../lib/libbtsystem.a(btcan_peakesd.o)
                                                  main.o
KP                                                ../../lib/libbtsystem.a(btcan_peakesd.o)
                                                  main.o
LCTC                                              ../../lib/libbtsystem.a(btcan_peakesd.o)
                                                  main.o
LCV                                               ../../lib/libbtsystem.a(btcan_peakesd.o)
                                                  main.o
LCVC                                              ../../lib/libbtsystem.a(btcan_peakesd.o)
                                                  main.o
LFAP                                              ../../lib/libbtsystem.a(btcan_peakesd.o)
                                                  main.o
LFDP                                              ../../lib/libbtsystem.a(btcan_peakesd.o)
                                                  main.o
LFLAGS                                            ../../lib/libbtsystem.a(btcan_peakesd.o)
                                                  main.o
LFS                                               ../../lib/libbtsystem.a(btcan_peakesd.o)
                                                  main.o
LFT                                               ../../lib/libbtsystem.a(btcan_peakesd.o)
                                                  main.o
LFV                                               ../../lib/libbtsystem.a(btcan_peakesd.o)
                                                  main.o
LOAD                                              ../../lib/libbtsystem.a(btcan_peakesd.o)
                                                  main.o
LOCK                                              ../../lib/libbtsystem.a(btcan_peakesd.o)
                                                  main.o
LOG                                               ../../lib/libbtsystem.a(btcan_peakesd.o)
                                                  main.o
LOG1                                              ../../lib/libbtsystem.a(btcan_peakesd.o)
                                                  main.o
LOG2                                              ../../lib/libbtsystem.a(btcan_peakesd.o)
                                                  main.o
LOG3                                              ../../lib/libbtsystem.a(btcan_peakesd.o)
                                                  main.o
LOG4                                              ../../lib/libbtsystem.a(btcan_peakesd.o)
                                                  main.o
LSG                                               ../../lib/libbtsystem.a(btcan_peakesd.o)
                                                  main.o
M                                                 ../../lib/libbtsystem.a(btcan_peakesd.o)
                                                  main.o
M2                                                ../../lib/libbtsystem.a(btcan_peakesd.o)
                                                  main.o
MAXPWR                                            ../../lib/libbtsystem.a(btcan_peakesd.o)
                                                  main.o
MAminT                                            main.o
MCV                                               ../../lib/libbtsystem.a(btcan_peakesd.o)
                                                  main.o
MD                                                ../../lib/libbtsystem.a(btcan_peakesd.o)
                                                  main.o
MDS                                               ../../lib/libbtsystem.a(btcan_peakesd.o)
                                                  main.o
MECH                                              ../../lib/libbtsystem.a(btcan_peakesd.o)
                                                  main.o
MECH2                                             ../../lib/libbtsystem.a(btcan_peakesd.o)
                                                  main.o
MODE                                              ../../lib/libbtsystem.a(btcan_peakesd.o)
                                                  main.o
MOFST                                             ../../lib/libbtsystem.a(btcan_peakesd.o)
                                                  main.o
MOV                                               ../../lib/libbtsystem.a(btcan_peakesd.o)
                                                  main.o
MPE                                               ../../lib/libbtsystem.a(btcan_peakesd.o)
                                                  main.o
MT                                                ../../lib/libbtsystem.a(btcan_peakesd.o)
                                                  main.o
MV                                                ../../lib/libbtsystem.a(btcan_peakesd.o)
                                                  main.o
OD                                                ../../lib/libbtsystem.a(btcan_peakesd.o)
                                                  main.o
OFFSET1                                           ../../lib/libbtsystem.a(btcan_peakesd.o)
                                                  main.o
OFFSET2                                           ../../lib/libbtsystem.a(btcan_peakesd.o)
                                                  main.o
OFFSET3                                           ../../lib/libbtsystem.a(btcan_peakesd.o)
                                                  main.o
OT                                                ../../lib/libbtsystem.a(btcan_peakesd.o)
                                                  main.o
OT2                                               ../../lib/libbtsystem.a(btcan_peakesd.o)
                                                  main.o
OTEMP                                             ../../lib/libbtsystem.a(btcan_peakesd.o)
                                                  main.o
P                                                 ../../lib/libbtsystem.a(btcan_peakesd.o)
                                                  main.o
P2                                                ../../lib/libbtsystem.a(btcan_peakesd.o)
                                                  main.o
PEN                                               ../../lib/libbtsystem.a(btcan_peakesd.o)
                                                  main.o
PIDX                                              ../../lib/libbtsystem.a(btcan_peakesd.o)
                                                  main.o
POLES                                             ../../lib/libbtsystem.a(btcan_peakesd.o)
                                                  main.o
PROP_END                                          ../../lib/libbtsystem.a(btcan_peakesd.o)
                                                  main.o
PTEMP                                             ../../lib/libbtsystem.a(btcan_peakesd.o)
                                                  main.o
PWR                                               ../../lib/libbtsystem.a(btcan_peakesd.o)
                                                  main.o
P_OLD                                             ../../lib/libbtsystem.a(btcan_peakesd.o)
                                                  main.o
ProcessInput                                      main.o
ProcessWatch                                      main.o
RATIO                                             ../../lib/libbtsystem.a(btcan_peakesd.o)
                                                  main.o
ROLE                                              ../../lib/libbtsystem.a(btcan_peakesd.o)
                                                  main.o
Read                                              main.o
ReadSerial                                        main.o
RenderMAIN_SCREEN                                 main.o
SAFE                                              ../../lib/libbtsystem.a(btcan_peakesd.o)
                                                  main.o
SAFETY_END                                        ../../lib/libbtsystem.a(btcan_peakesd.o)
                                                  main.o
SAMPLE                                            ../../lib/libbtsystem.a(btcan_peakesd.o)
                                                  main.o
SAVE                                              ../../lib/libbtsystem.a(btcan_peakesd.o)
                                                  main.o
SG                                                ../../lib/libbtsystem.a(btcan_peakesd.o)
                                                  main.o
SN                                                ../../lib/libbtsystem.a(btcan_peakesd.o)
                                                  main.o
STAT                                              ../../lib/libbtsystem.a(btcan_peakesd.o)
                                                  main.o
Startup                                           main.o
StartupThread                                     main.o
T                                                 ../../lib/libbtsystem.a(btcan_peakesd.o)
                                                  main.o
TACT                                              ../../lib/libbtsystem.a(btcan_peakesd.o)
                                                  main.o
TACTID                                            ../../lib/libbtsystem.a(btcan_peakesd.o)
                                                  main.o
TEMP                                              ../../lib/libbtsystem.a(btcan_peakesd.o)
                                                  main.o
TENSION                                           ../../lib/libbtsystem.a(btcan_peakesd.o)
                                                  main.o
TENSO                                             ../../lib/libbtsystem.a(btcan_peakesd.o)
                                                  main.o
TENST                                             ../../lib/libbtsystem.a(btcan_peakesd.o)
                                                  main.o
TETAE                                             ../../lib/libbtsystem.a(btcan_peakesd.o)
                                                  main.o
THERM                                             ../../lib/libbtsystem.a(btcan_peakesd.o)
                                                  main.o
TIE                                               ../../lib/libbtsystem.a(btcan_peakesd.o)
                                                  main.o
TL1                                               ../../lib/libbtsystem.a(btcan_peakesd.o)
                                                  main.o
TL2                                               ../../lib/libbtsystem.a(btcan_peakesd.o)
                                                  main.o
TORQ                                              ../../lib/libbtsystem.a(btcan_peakesd.o)
                                                  main.o
TSTOP                                             ../../lib/libbtsystem.a(btcan_peakesd.o)
                                                  main.o
UNITS                                             ../../lib/libbtsystem.a(btcan_peakesd.o)
                                                  main.o
UPSECS                                            ../../lib/libbtsystem.a(btcan_peakesd.o)
                                                  main.o
V                                                 ../../lib/libbtsystem.a(btcan_peakesd.o)
                                                  main.o
VALUE                                             ../../lib/libbtsystem.a(btcan_peakesd.o)
                                                  main.o
VALUE32                                           ../../lib/libbtsystem.a(btcan_peakesd.o)
                                                  main.o
VBUS                                              ../../lib/libbtsystem.a(btcan_peakesd.o)
                                                  main.o
VERS                                              ../../lib/libbtsystem.a(btcan_peakesd.o)
                                                  main.o
VL1                                               ../../lib/libbtsystem.a(btcan_peakesd.o)
                                                  main.o
VL2                                               ../../lib/libbtsystem.a(btcan_peakesd.o)
                                                  main.o
VLOGIC                                            ../../lib/libbtsystem.a(btcan_peakesd.o)
                                                  main.o
VNOM                                              ../../lib/libbtsystem.a(btcan_peakesd.o)
                                                  main.o
VOLTH1                                            ../../lib/libbtsystem.a(btcan_peakesd.o)
                                                  main.o
VOLTH2                                            ../../lib/libbtsystem.a(btcan_peakesd.o)
                                                  main.o
VOLTL1                                            ../../lib/libbtsystem.a(btcan_peakesd.o)
                                                  main.o
VOLTL2                                            ../../lib/libbtsystem.a(btcan_peakesd.o)
                                                  main.o
Write                                             main.o
WriteSerial                                       main.o
X0                                                ../../lib/libbtsystem.a(btcan_peakesd.o)
                                                  main.o
X1                                                ../../lib/libbtsystem.a(btcan_peakesd.o)
                                                  main.o
X2                                                ../../lib/libbtsystem.a(btcan_peakesd.o)
                                                  main.o
X3                                                ../../lib/libbtsystem.a(btcan_peakesd.o)
                                                  main.o
X4                                                ../../lib/libbtsystem.a(btcan_peakesd.o)
                                                  main.o
X5                                                ../../lib/libbtsystem.a(btcan_peakesd.o)
                                                  main.o
X6                                                ../../lib/libbtsystem.a(btcan_peakesd.o)
                                                  main.o
X7                                                ../../lib/libbtsystem.a(btcan_peakesd.o)
                                                  main.o
ZERO                                              ../../lib/libbtsystem.a(btcan_peakesd.o)
                                                  main.o
_DS                                               ../../lib/libbtsystem.a(btcan_peakesd.o)
                                                  main.o
_DYNAMIC                                          /usr/lib/gcc/i486-slackware-linux/3.4.6/../../../crt1.o
                                                  /usr/realtime/lib/liblxrt.so
                                                  /usr/lib/libncurses.so
_Exit                                             /lib/libc.so.6
_Exit@@GLIBC_2.1.1                                /lib/libc.so.6
_Exit@GLIBC_2.1.1                                 /lib/libc.so.6
_GLOBAL_OFFSET_TABLE_                             /usr/lib/gcc/i486-slackware-linux/3.4.6/../../../crt1.o
                                                  /usr/lib/libc_nonshared.a(atexit.oS)
                                                  /usr/lib/libc_nonshared.a(elf-init.oS)
                                                  /usr/realtime/lib/liblxrt.so
                                                  /usr/local/lib/libntcan.a(ntcan.o)
                                                  /usr/lib/libncurses.so
                                                  /usr/lib/gcc/i486-slackware-linux/3.4.6/../../../crti.o
_IO_fprintf                                       /lib/libc.so.6
_IO_fprintf@@GLIBC_2.0                            /lib/libc.so.6
_IO_fprintf@GLIBC_2.0                             /lib/libc.so.6
_IO_stdin_used                                    /usr/lib/gcc/i486-slackware-linux/3.4.6/../../../crt1.o
                                                  /lib/libc.so.6
_Jv_RegisterClasses                               /lib/libdl.so.2
                                                  /usr/lib/libgcc_s.so
                                                  /usr/lib/libgcc_s.so
                                                  /usr/realtime/lib/liblxrt.so
                                                  /usr/lib/libm.so
                                                  /usr/lib/libncurses.so
                                                  /lib/libpthread.so.0
                                                  /usr/lib/gcc/i486-slackware-linux/3.4.6/crtbegin.o
_LOCK                                             ../../lib/libbtsystem.a(btcan_peakesd.o)
                                                  main.o
___brk_addr                                       /lib/libc.so.6
___brk_addr@@GLIBC_2.0                            /lib/libc.so.6
___brk_addr@GLIBC_2.0                             /lib/libc.so.6
__after_morecore_hook                             /lib/libc.so.6
__after_morecore_hook@@GLIBC_2.0                  /lib/libc.so.6
__after_morecore_hook@GLIBC_2.0                   /lib/libc.so.6
__bss_start                                       /usr/lib/libncurses.so
                                                  /usr/realtime/lib/liblxrt.so
__close                                           /lib/libpthread.so.0
__close@@GLIBC_2.0                                /lib/libpthread.so.0
                                                  /lib/libc.so.6
__close@GLIBC_2.0                                 /lib/libpthread.so.0
__connect                                         /lib/libpthread.so.0
__connect@@GLIBC_2.0                              /lib/libpthread.so.0
                                                  /lib/libc.so.6
__connect@GLIBC_2.0                               /lib/libpthread.so.0
__ctype_get_mb_cur_max                            /lib/libc.so.6
__ctype_get_mb_cur_max@@GLIBC_2.0                 /lib/libc.so.6
__ctype_get_mb_cur_max@GLIBC_2.0                  /lib/libc.so.6
__cxa_atexit                                      /lib/libc.so.6
                                                  /usr/lib/libc_nonshared.a(atexit.oS)
__cxa_atexit@@GLIBC_2.1.3                         /lib/libc.so.6
__cxa_atexit@GLIBC_2.1.3                          /lib/libc.so.6
__data_start                                      /usr/lib/gcc/i486-slackware-linux/3.4.6/../../../crt1.o
__dso_handle                                      /usr/lib/gcc/i486-slackware-linux/3.4.6/crtbegin.o
                                                  /usr/lib/libc_nonshared.a(atexit.oS)
__errno_location                                  /lib/libpthread.so.0
                                                  /usr/local/lib/libntcan.a(ntcan.o)
__errno_location@@GLIBC_2.0                       /lib/libpthread.so.0
                                                  /lib/libc.so.6
__errno_location@GLIBC_2.0                        /lib/libpthread.so.0
                                                  /usr/realtime/lib/liblxrt.so
                                                  /usr/lib/libm.so
                                                  /usr/lib/libncurses.so
__fcntl                                           /lib/libpthread.so.0
__fcntl@@GLIBC_2.0                                /lib/libpthread.so.0
                                                  /lib/libc.so.6
__fcntl@GLIBC_2.0                                 /lib/libpthread.so.0
__fini_array_end                                  /usr/lib/libc_nonshared.a(elf-init.oS)
__fini_array_start                                /usr/lib/libc_nonshared.a(elf-init.oS)
__free_hook                                       /lib/libc.so.6
__free_hook@@GLIBC_2.0                            /lib/libc.so.6
__free_hook@GLIBC_2.0                             /lib/libc.so.6
__getdelim                                        /lib/libc.so.6
__getdelim@@GLIBC_2.0                             /lib/libc.so.6
__getdelim@GLIBC_2.0                              /lib/libc.so.6
                                                  /lib/libpthread.so.0
__gmon_start__                                    /lib/libdl.so.2
                                                  /usr/lib/libgcc_s.so
                                                  /usr/lib/libgcc_s.so
                                                  /usr/realtime/lib/liblxrt.so
                                                  /usr/lib/libm.so
                                                  /usr/lib/libncurses.so
                                                  /usr/lib/gcc/i486-slackware-linux/3.4.6/../../../crti.o
__i686.get_pc_thunk.bx                            /usr/lib/gcc/i486-slackware-linux/3.4.6/../../../crtn.o
                                                  /usr/lib/libc_nonshared.a(atexit.oS)
                                                  /usr/lib/libc_nonshared.a(elf-init.oS)
                                                  /usr/lib/gcc/i486-slackware-linux/3.4.6/../../../crti.o
__init_array_end                                  /usr/lib/libc_nonshared.a(elf-init.oS)
__init_array_start                                /usr/lib/libc_nonshared.a(elf-init.oS)
__isascii_l                                       /lib/libc.so.6
__isascii_l@@GLIBC_2.1                            /lib/libc.so.6
__isascii_l@GLIBC_2.1                             /lib/libc.so.6
__kernel_cosl                                     /usr/lib/libm.so
__kernel_sinl                                     /usr/lib/libm.so
__kernel_tanl                                     /usr/lib/libm.so
__libc_csu_fini                                   /usr/lib/libc_nonshared.a(elf-init.oS)
                                                  /usr/lib/gcc/i486-slackware-linux/3.4.6/../../../crt1.o
__libc_csu_init                                   /usr/lib/libc_nonshared.a(elf-init.oS)
                                                  /usr/lib/gcc/i486-slackware-linux/3.4.6/../../../crt1.o
__libc_select                                     /lib/libc.so.6
__libc_select@@GLIBC_PRIVATE                      /lib/libc.so.6
__libc_select@GLIBC_PRIVATE                       /lib/libc.so.6
__libc_start_main                                 /lib/libc.so.6
                                                  /usr/lib/gcc/i486-slackware-linux/3.4.6/../../../crt1.o
__libc_start_main@@GLIBC_2.0                      /lib/libc.so.6
__libc_start_main@GLIBC_2.0                       /lib/libc.so.6
__lseek                                           /lib/libpthread.so.0
__lseek@@GLIBC_2.0                                /lib/libpthread.so.0
                                                  /lib/libc.so.6
__lseek@GLIBC_2.0                                 /lib/libpthread.so.0
__malloc_hook                                     /lib/libc.so.6
__malloc_hook@@GLIBC_2.0                          /lib/libc.so.6
__malloc_hook@GLIBC_2.0                           /lib/libc.so.6
__malloc_initialize_hook                          /lib/libc.so.6
__malloc_initialize_hook@@GLIBC_2.0               /lib/libc.so.6
__malloc_initialize_hook@GLIBC_2.0                /lib/libc.so.6
__memalign_hook                                   /lib/libc.so.6
__memalign_hook@@GLIBC_2.0                        /lib/libc.so.6
__memalign_hook@GLIBC_2.0                         /lib/libc.so.6
__nanosleep                                       /lib/libpthread.so.0
__nanosleep@@GLIBC_2.2.6                          /lib/libpthread.so.0
                                                  /lib/libc.so.6
__nanosleep@GLIBC_2.2.6                           /lib/libpthread.so.0
__open                                            /lib/libpthread.so.0
__open64                                          /lib/libpthread.so.0
__open64@@GLIBC_2.2                               /lib/libpthread.so.0
                                                  /lib/libc.so.6
__open64@GLIBC_2.2                                /lib/libpthread.so.0
__open@@GLIBC_2.0                                 /lib/libpthread.so.0
                                                  /lib/libc.so.6
__open@GLIBC_2.0                                  /lib/libpthread.so.0
__pread64                                         /lib/libpthread.so.0
__pread64@@GLIBC_2.1                              /lib/libc.so.6
__pread64@@GLIBC_2.2                              /lib/libpthread.so.0
__pread64@GLIBC_2.1                               /lib/libc.so.6
__pread64@GLIBC_2.2                               /lib/libpthread.so.0
__pthread_initialize                              /lib/libpthread.so.0
__pthread_initialize@@GLIBC_PRIVATE               /lib/libpthread.so.0
__pthread_initialize@GLIBC_PRIVATE                /lib/libpthread.so.0
__pthread_rwlock_destroy                          /lib/libpthread.so.0
__pthread_rwlock_destroy@@GLIBC_2.2               /lib/libpthread.so.0
__pthread_rwlock_destroy@GLIBC_2.2                /lib/libpthread.so.0
__pthread_rwlock_init                             /lib/libpthread.so.0
__pthread_rwlock_init@@GLIBC_2.2                  /lib/libpthread.so.0
__pthread_rwlock_init@GLIBC_2.2                   /lib/libpthread.so.0
__pthread_rwlock_rdlock                           /lib/libpthread.so.0
                                                  /lib/libc.so.6
__pthread_rwlock_rdlock@@GLIBC_2.2                /lib/libpthread.so.0
__pthread_rwlock_rdlock@GLIBC_2.2                 /lib/libpthread.so.0
__pthread_rwlock_tryrdlock                        /lib/libpthread.so.0
__pthread_rwlock_tryrdlock@@GLIBC_2.2             /lib/libpthread.so.0
__pthread_rwlock_tryrdlock@GLIBC_2.2              /lib/libpthread.so.0
__pthread_rwlock_trywrlock                        /lib/libpthread.so.0
__pthread_rwlock_trywrlock@@GLIBC_2.2             /lib/libpthread.so.0
__pthread_rwlock_trywrlock@GLIBC_2.2              /lib/libpthread.so.0
__pthread_rwlock_unlock                           /lib/libpthread.so.0
                                                  /lib/libc.so.6
__pthread_rwlock_unlock@@GLIBC_2.2                /lib/libpthread.so.0
__pthread_rwlock_unlock@GLIBC_2.2                 /lib/libpthread.so.0
__pthread_rwlock_wrlock                           /lib/libpthread.so.0
                                                  /lib/libc.so.6
__pthread_rwlock_wrlock@@GLIBC_2.2                /lib/libpthread.so.0
__pthread_rwlock_wrlock@GLIBC_2.2                 /lib/libpthread.so.0
__pwrite64                                        /lib/libpthread.so.0
__pwrite64@@GLIBC_2.1                             /lib/libc.so.6
__pwrite64@@GLIBC_2.2                             /lib/libpthread.so.0
__pwrite64@GLIBC_2.1                              /lib/libc.so.6
__pwrite64@GLIBC_2.2                              /lib/libpthread.so.0
__read                                            /lib/libpthread.so.0
__read@@GLIBC_2.0                                 /lib/libpthread.so.0
                                                  /lib/libc.so.6
__read@GLIBC_2.0                                  /lib/libpthread.so.0
__realloc_hook                                    /lib/libc.so.6
__realloc_hook@@GLIBC_2.0                         /lib/libc.so.6
__realloc_hook@GLIBC_2.0                          /lib/libc.so.6
__send                                            /lib/libpthread.so.0
__send@@GLIBC_2.0                                 /lib/libpthread.so.0
                                                  /lib/libc.so.6
__send@GLIBC_2.0                                  /lib/libpthread.so.0
__strtod_l                                        /lib/libc.so.6
__strtod_l@@GLIBC_2.1                             /lib/libc.so.6
__strtod_l@GLIBC_2.1                              /lib/libc.so.6
__strtof_l                                        /lib/libc.so.6
__strtof_l@@GLIBC_2.1                             /lib/libc.so.6
__strtof_l@GLIBC_2.1                              /lib/libc.so.6
__strtol_l                                        /lib/libc.so.6
__strtol_l@@GLIBC_2.1                             /lib/libc.so.6
__strtol_l@GLIBC_2.1                              /lib/libc.so.6
__strtold_l                                       /lib/libc.so.6
__strtold_l@@GLIBC_2.1                            /lib/libc.so.6
__strtold_l@GLIBC_2.1                             /lib/libc.so.6
__strtoll_l                                       /lib/libc.so.6
__strtoll_l@@GLIBC_2.1                            /lib/libc.so.6
__strtoll_l@GLIBC_2.1                             /lib/libc.so.6
__strtoul_l                                       /lib/libc.so.6
__strtoul_l@@GLIBC_2.1                            /lib/libc.so.6
__strtoul_l@GLIBC_2.1                             /lib/libc.so.6
__strtoull_l                                      /lib/libc.so.6
__strtoull_l@@GLIBC_2.1                           /lib/libc.so.6
__strtoull_l@GLIBC_2.1                            /lib/libc.so.6
__toascii_l                                       /lib/libc.so.6
__toascii_l@@GLIBC_2.1                            /lib/libc.so.6
__toascii_l@GLIBC_2.1                             /lib/libc.so.6
__vsnprintf                                       /lib/libc.so.6
__vsnprintf@@GLIBC_2.0                            /lib/libc.so.6
__vsnprintf@GLIBC_2.0                             /lib/libc.so.6
__vsscanf                                         /lib/libc.so.6
__vsscanf@@GLIBC_2.0                              /lib/libc.so.6
__vsscanf@GLIBC_2.0                               /lib/libc.so.6
__wait                                            /lib/libpthread.so.0
__wait@@GLIBC_2.0                                 /lib/libpthread.so.0
                                                  /lib/libc.so.6
__wait@GLIBC_2.0                                  /lib/libpthread.so.0
__wcstod_l                                        /lib/libc.so.6
__wcstod_l@@GLIBC_2.1                             /lib/libc.so.6
__wcstod_l@GLIBC_2.1                              /lib/libc.so.6
__wcstof_l                                        /lib/libc.so.6
__wcstof_l@@GLIBC_2.1                             /lib/libc.so.6
__wcstof_l@GLIBC_2.1                              /lib/libc.so.6
__wcstol_l                                        /lib/libc.so.6
__wcstol_l@@GLIBC_2.1                             /lib/libc.so.6
__wcstol_l@GLIBC_2.1                              /lib/libc.so.6
__wcstold_l                                       /lib/libc.so.6
__wcstold_l@@GLIBC_2.1                            /lib/libc.so.6
__wcstold_l@GLIBC_2.1                             /lib/libc.so.6
__wcstoll_l                                       /lib/libc.so.6
__wcstoll_l@@GLIBC_2.1                            /lib/libc.so.6
__wcstoll_l@GLIBC_2.1                             /lib/libc.so.6
__wcstoul_l                                       /lib/libc.so.6
__wcstoul_l@@GLIBC_2.1                            /lib/libc.so.6
__wcstoul_l@GLIBC_2.1                             /lib/libc.so.6
__wcstoull_l                                      /lib/libc.so.6
__wcstoull_l@@GLIBC_2.1                           /lib/libc.so.6
__wcstoull_l@GLIBC_2.1                            /lib/libc.so.6
__write                                           /lib/libpthread.so.0
__write@@GLIBC_2.0                                /lib/libpthread.so.0
                                                  /lib/libc.so.6
__write@GLIBC_2.0                                 /lib/libpthread.so.0
__xpg_sigpause                                    /lib/libc.so.6
__xpg_sigpause@@GLIBC_2.2                         /lib/libc.so.6
__xpg_sigpause@GLIBC_2.2                          /lib/libc.so.6
_canClose                                         /usr/local/lib/libntcan.a(ntcan.o)
_canGetBaudrate                                   /usr/local/lib/libntcan.a(ntcan.o)
_canGetOverlappedResult                           /usr/local/lib/libntcan.a(ntcan.o)
_canIdAdd                                         /usr/local/lib/libntcan.a(ntcan.o)
_canIdDelete                                      /usr/local/lib/libntcan.a(ntcan.o)
_canIdRangeAdd                                    /usr/local/lib/libntcan.a(ntcan.o)
_canIdRangeDelete                                 /usr/local/lib/libntcan.a(ntcan.o)
_canIoctl                                         /usr/local/lib/libntcan.a(ntcan.o)
_canOpen                                          /usr/local/lib/libntcan.a(ntcan.o)
_canRead                                          /usr/local/lib/libntcan.a(ntcan.o)
_canReadEvent                                     /usr/local/lib/libntcan.a(ntcan.o)
_canSend                                          /usr/local/lib/libntcan.a(ntcan.o)
_canSendEvent                                     /usr/local/lib/libntcan.a(ntcan.o)
_canSendT                                         /usr/local/lib/libntcan.a(ntcan.o)
_canSetBaudrate                                   /usr/local/lib/libntcan.a(ntcan.o)
_canStatus                                        /usr/local/lib/libntcan.a(ntcan.o)
_canTake                                          /usr/local/lib/libntcan.a(ntcan.o)
_canWrite                                         /usr/local/lib/libntcan.a(ntcan.o)
_canWriteT                                        /usr/local/lib/libntcan.a(ntcan.o)
_dl_starting_up                                   /lib/libc.so.6
_edata                                            /usr/lib/libncurses.so
                                                  /usr/realtime/lib/liblxrt.so
_end                                              /usr/lib/libncurses.so
                                                  /usr/realtime/lib/liblxrt.so
_environ                                          /lib/libc.so.6
_environ@@GLIBC_2.0                               /lib/libc.so.6
_environ@GLIBC_2.0                                /lib/libc.so.6
_fini                                             /usr/lib/gcc/i486-slackware-linux/3.4.6/../../../crti.o
                                                  /usr/lib/libc_nonshared.a(elf-init.oS)
                                                  /usr/realtime/lib/liblxrt.so
                                                  /usr/lib/libncurses.so
_flushlbf                                         /lib/libc.so.6
_flushlbf@@GLIBC_2.2                              /lib/libc.so.6
_flushlbf@GLIBC_2.2                               /lib/libc.so.6
_fp_hw                                            /usr/lib/gcc/i486-slackware-linux/3.4.6/../../../crt1.o
_h_errno@GLIBC_2.0                                /lib/libc.so.6
                                                  /lib/libpthread.so.0
_init                                             /usr/lib/gcc/i486-slackware-linux/3.4.6/../../../crti.o
                                                  /usr/lib/libc_nonshared.a(elf-init.oS)
                                                  /usr/realtime/lib/liblxrt.so
                                                  /usr/lib/libncurses.so
_longjmp                                          /lib/libc.so.6
_longjmp@@GLIBC_2.0                               /lib/libc.so.6
_longjmp@GLIBC_2.0                                /lib/libc.so.6
_start                                            /usr/lib/gcc/i486-slackware-linux/3.4.6/../../../crt1.o
accept                                            /lib/libpthread.so.0
accept@@GLIBC_2.0                                 /lib/libpthread.so.0
                                                  /lib/libc.so.6
accept@GLIBC_2.0                                  /lib/libpthread.so.0
access                                            /lib/libc.so.6
access@@GLIBC_2.0                                 /lib/libc.so.6
access@GLIBC_2.0                                  /lib/libc.so.6
                                                  /usr/lib/libncurses.so
acos                                              /usr/lib/libm.so
acos@@GLIBC_2.0                                   /usr/lib/libm.so